The ``5-text_indentation`` module
=======================

Using ``text_indentation``
-----------------------

>>> text_indentation = __import__('5-text_indentation').text_indentation

-----------------------

Trying:
>>> text_indentation("""Hello, worlds: How are you?""")
Hello,
<BLANKLINE>
worlds:
<BLANKLINE>
How are you?
<BLANKLINE>

>>> text_indentation("Hello, worlds: How are you?")
Hello,
<BLANKLINE>
worlds:
<BLANKLINE>
How are you?
<BLANKLINE>

>>> text_indentation()
Traceback (most recent call last):
...
TypeError: text_indentation() missing 1 required positional argument: 'text'

>>> text_indentation(3)
Traceback (most recent call last):
...
TypeError: text must be a string
